ASxxxx Linker V03.00 + NoICE + sdld,  page 1.
Hexadecimal  [32-Bits]

Area                                    Addr        Size        Decimal Bytes (Attributes)
--------------------------------        ----        ----        ------- ----- ------------
.  .ABS.                            00000000    00000000 =           0. bytes (ABS,CON)

      Value  Global                              Global Defined In Module
      -----  --------------------------------   ------------------------
     00000000  .__.ABS.                           cpct_divideby10
     00000000  l__CABS                         
     00000000  l__DABS                         
     00000000  l__GSFINAL                      
     00000000  l__GSINIT                       
     00000000  l__HOME                         
     00000000  l__INITIALIZED                  
     00000000  l__INITIALIZER                  
     00000000  s__CABS                         
     00000000  s__DABS                         
     00000001  l__DATA                         
     0000003E  l__CODE                         
     00004000  s__CODE                         
     0000403E  s__DATA                         
     0000403F  s__GSFINAL                      
     0000403F  s__GSINIT                       
     0000403F  s__HOME                         
     0000403F  s__INITIALIZED                  
     0000403F  s__INITIALIZER                  

ASxxxx Linker V03.00 + NoICE + sdld,  page 2.
Hexadecimal  [32-Bits]

Area                                    Addr        Size        Decimal Bytes (Attributes)
--------------------------------        ----        ----        ------- ----- ------------
_CODE                               00004000    0000003E =          62. bytes (REL,CON)

      Value  Global                              Global Defined In Module
      -----  --------------------------------   ------------------------
     00004000  _main                              main
     00004014  _cpct_divideby10_asm               cpct_divideby10
     00004014  cpct_divideby10_asm                cpct_divideby10
     00004027  _cpct_divideby10                   cpct_divideby10

ASxxxx Linker V03.00 + NoICE + sdld,  page 3.
Hexadecimal  [32-Bits]

Area                                    Addr        Size        Decimal Bytes (Attributes)
--------------------------------        ----        ----        ------- ----- ------------
_DATA                               0000403E    00000001 =           1. bytes (REL,CON)

      Value  Global                              Global Defined In Module
      -----  --------------------------------   ------------------------
     0000403E  _x                                 main

ASxxxx Linker V03.00 + NoICE + sdld,  page 4.

Files Linked                              [ module(s) ]

obj/main.rel                              [ main ]
obj/cpct_divide_asmbindings.rel           [ cpct_divideby10 ]
obj/cpct_divideby10_cbindings.c.rel       [ cpct_divideby10 ]

ASxxxx Linker V03.00 + NoICE + sdld,  page 5.

User Base Address Definitions

_CODE = 0x4000
_DATA = 0x0000

